0 verbose cli /usr/bin/node /usr/bin/npm
1 info using npm@10.9.1
2 info using node@v22.23.0
3 silly config load:file:/usr/lib/node_modules/npm/npmrc
4 silly config load:file:/public/.cache/typescript/7.0/.npmrc
5 silly config load:file:/public/.npmrc
6 silly config load:file:/etc/npmrc
7 verbose title npm install @types/node-fetch@latest
8 verbose argv "install" "--ignore-scripts" "@types/node-fetch@latest" "--save-dev" "--user-agent" "\"typesInstaller/7.0.2\""
9 verbose logfile logs-max:10 dir:/public/.npm/_logs/2026-08-07T07_37_20_992Z-
10 verbose logfile /public/.npm/_logs/2026-08-07T07_37_20_992Z-debug-0.log
11 silly logfile start cleaning logs, removing 2 files
12 silly packumentCache heap:2197815296 maxSize:549453824 maxEntrySize:274726912
13 silly logfile done cleaning log files
14 silly packumentCache corgi:https://registry.npmjs.org/@types%2fnode-fetch cache-miss
15 http fetch GET 200 https://registry.npmjs.org/@types%2fnode-fetch 469ms (cache miss)
16 silly packumentCache corgi:https://registry.npmjs.org/@types%2fnode-fetch set size:undefined disposed:false
17 silly idealTree buildDeps
18 silly fetch manifest @types/node-fetch@2.6.13
19 silly packumentCache full:https://registry.npmjs.org/@types%2fnode-fetch cache-miss
20 http cache https://registry.npmjs.org/@types%2fnode-fetch 30ms (cache hit)
21 silly packumentCache full:https://registry.npmjs.org/@types%2fnode-fetch set size:145604 disposed:false
22 silly placeDep ROOT @types/node-fetch@2.6.13 OK for:  want: 2.6.13
23 silly fetch manifest form-data@^4.0.4
24 silly packumentCache full:https://registry.npmjs.org/form-data cache-miss
25 http cache https://registry.npmjs.org/form-data 23ms (cache hit)
26 silly packumentCache full:https://registry.npmjs.org/form-data set size:153174 disposed:false
27 silly placeDep ROOT form-data@4.0.6 OK for: @types/node-fetch@2.6.13 want: ^4.0.4
28 silly fetch manifest hasown@^2.0.4
29 silly packumentCache full:https://registry.npmjs.org/hasown cache-miss
30 silly fetch manifest asynckit@^0.4.0
31 silly packumentCache full:https://registry.npmjs.org/asynckit cache-miss
32 silly fetch manifest mime-types@^2.1.35
33 silly packumentCache full:https://registry.npmjs.org/mime-types cache-miss
34 silly fetch manifest combined-stream@^1.0.8
35 silly packumentCache full:https://registry.npmjs.org/combined-stream cache-miss
36 silly fetch manifest es-set-tostringtag@^2.1.0
37 silly packumentCache full:https://registry.npmjs.org/es-set-tostringtag cache-miss
38 http fetch GET 200 https://registry.npmjs.org/asynckit 120ms (cache miss)
39 silly packumentCache full:https://registry.npmjs.org/asynckit set size:undefined disposed:false
40 http fetch GET 200 https://registry.npmjs.org/hasown 288ms (cache miss)
41 silly packumentCache full:https://registry.npmjs.org/hasown set size:undefined disposed:false
42 http fetch GET 200 https://registry.npmjs.org/es-set-tostringtag 288ms (cache miss)
43 silly packumentCache full:https://registry.npmjs.org/es-set-tostringtag set size:undefined disposed:false
44 http fetch GET 200 https://registry.npmjs.org/combined-stream 293ms (cache miss)
45 silly packumentCache full:https://registry.npmjs.org/combined-stream set size:undefined disposed:false
46 http fetch GET 200 https://registry.npmjs.org/mime-types 301ms (cache miss)
47 silly packumentCache full:https://registry.npmjs.org/mime-types set size:undefined disposed:false
48 silly placeDep ROOT asynckit@0.4.0 OK for: form-data@4.0.6 want: ^0.4.0
49 silly placeDep ROOT combined-stream@1.0.8 OK for: form-data@4.0.6 want: ^1.0.8
50 silly placeDep ROOT es-set-tostringtag@2.1.0 OK for: form-data@4.0.6 want: ^2.1.0
51 silly placeDep ROOT hasown@2.0.4 OK for: form-data@4.0.6 want: ^2.0.4
52 silly placeDep ROOT mime-types@2.1.35 OK for: form-data@4.0.6 want: ^2.1.35
53 silly fetch manifest delayed-stream@~1.0.0
54 silly packumentCache full:https://registry.npmjs.org/delayed-stream cache-miss
55 silly fetch manifest es-errors@^1.3.0
56 silly packumentCache full:https://registry.npmjs.org/es-errors cache-miss
57 silly fetch manifest get-intrinsic@^1.2.6
58 silly packumentCache full:https://registry.npmjs.org/get-intrinsic cache-miss
59 silly fetch manifest has-tostringtag@^1.0.2
60 silly packumentCache full:https://registry.npmjs.org/has-tostringtag cache-miss
61 silly fetch manifest hasown@^2.0.2
62 silly packumentCache full:https://registry.npmjs.org/hasown cache-miss
63 silly fetch manifest function-bind@^1.1.2
64 silly packumentCache full:https://registry.npmjs.org/function-bind cache-miss
65 silly fetch manifest mime-db@1.52.0
66 silly packumentCache full:https://registry.npmjs.org/mime-db cache-miss
67 http cache https://registry.npmjs.org/hasown 31ms (cache hit)
68 silly packumentCache full:https://registry.npmjs.org/hasown set size:18361 disposed:false
69 http fetch GET 200 https://registry.npmjs.org/delayed-stream 107ms (cache miss)
70 silly packumentCache full:https://registry.npmjs.org/delayed-stream set size:undefined disposed:false
71 http fetch GET 200 https://registry.npmjs.org/es-errors 107ms (cache miss)
72 silly packumentCache full:https://registry.npmjs.org/es-errors set size:undefined disposed:false
73 http fetch GET 200 https://registry.npmjs.org/function-bind 107ms (cache miss)
74 silly packumentCache full:https://registry.npmjs.org/function-bind set size:undefined disposed:false
75 http fetch GET 200 https://registry.npmjs.org/has-tostringtag 111ms (cache miss)
76 silly packumentCache full:https://registry.npmjs.org/has-tostringtag set size:undefined disposed:false
77 http fetch GET 200 https://registry.npmjs.org/get-intrinsic 114ms (cache miss)
78 silly packumentCache full:https://registry.npmjs.org/get-intrinsic set size:undefined disposed:false
79 http fetch GET 200 https://registry.npmjs.org/mime-db 289ms (cache miss)
80 silly packumentCache full:https://registry.npmjs.org/mime-db set size:undefined disposed:false
81 silly placeDep ROOT delayed-stream@1.0.0 OK for: combined-stream@1.0.8 want: ~1.0.0
82 silly placeDep ROOT es-errors@1.3.0 OK for: es-set-tostringtag@2.1.0 want: ^1.3.0
83 silly placeDep ROOT get-intrinsic@1.3.0 OK for: es-set-tostringtag@2.1.0 want: ^1.2.6
84 silly placeDep ROOT has-tostringtag@1.0.2 OK for: es-set-tostringtag@2.1.0 want: ^1.0.2
85 silly fetch manifest gopd@^1.2.0
86 silly packumentCache full:https://registry.npmjs.org/gopd cache-miss
87 silly fetch manifest get-proto@^1.0.1
88 silly packumentCache full:https://registry.npmjs.org/get-proto cache-miss
89 silly fetch manifest has-symbols@^1.1.0
90 silly packumentCache full:https://registry.npmjs.org/has-symbols cache-miss
91 silly fetch manifest es-object-atoms@^1.1.1
92 silly packumentCache full:https://registry.npmjs.org/es-object-atoms cache-miss
93 silly fetch manifest math-intrinsics@^1.1.0
94 silly packumentCache full:https://registry.npmjs.org/math-intrinsics cache-miss
95 silly fetch manifest es-define-property@^1.0.1
96 silly packumentCache full:https://registry.npmjs.org/es-define-property cache-miss
97 silly fetch manifest call-bind-apply-helpers@^1.0.2
98 silly packumentCache full:https://registry.npmjs.org/call-bind-apply-helpers cache-miss
99 http cache https://registry.npmjs.org/es-object-atoms 15ms (cache hit)
100 silly packumentCache full:https://registry.npmjs.org/es-object-atoms set size:18278 disposed:false
101 silly fetch manifest has-symbols@^1.0.3
102 silly packumentCache full:https://registry.npmjs.org/has-symbols cache-miss
103 http cache https://registry.npmjs.org/gopd 19ms (cache hit)
104 silly packumentCache full:https://registry.npmjs.org/gopd set size:11483 disposed:false
105 http cache https://registry.npmjs.org/math-intrinsics 21ms (cache hit)
106 silly packumentCache full:https://registry.npmjs.org/math-intrinsics set size:9265 disposed:false
107 http cache https://registry.npmjs.org/call-bind-apply-helpers 21ms (cache hit)
108 silly packumentCache full:https://registry.npmjs.org/call-bind-apply-helpers set size:12744 disposed:false
109 http cache https://registry.npmjs.org/has-symbols 26ms (cache hit)
110 silly packumentCache full:https://registry.npmjs.org/has-symbols set size:21550 disposed:false
111 http cache https://registry.npmjs.org/get-proto 27ms (cache hit)
112 silly packumentCache full:https://registry.npmjs.org/get-proto set size:8300 disposed:false
113 http cache https://registry.npmjs.org/has-symbols 17ms (cache hit)
114 silly packumentCache full:https://registry.npmjs.org/has-symbols set size:21550 disposed:false
115 silly packumentCache full:https://registry.npmjs.org/has-symbols dispose
116 http fetch GET 200 https://registry.npmjs.org/es-define-property 83ms (cache miss)
117 silly packumentCache full:https://registry.npmjs.org/es-define-property set size:undefined disposed:false
118 silly placeDep ROOT call-bind-apply-helpers@1.0.2 OK for: get-intrinsic@1.3.0 want: ^1.0.2
119 silly placeDep ROOT es-define-property@1.0.1 OK for: get-intrinsic@1.3.0 want: ^1.0.1
120 silly placeDep ROOT es-object-atoms@1.1.2 OK for: get-intrinsic@1.3.0 want: ^1.1.1
121 silly placeDep ROOT function-bind@1.1.2 OK for: get-intrinsic@1.3.0 want: ^1.1.2
122 silly placeDep ROOT get-proto@1.0.1 OK for: get-intrinsic@1.3.0 want: ^1.0.1
123 silly placeDep ROOT gopd@1.2.0 OK for: get-intrinsic@1.3.0 want: ^1.2.0
124 silly placeDep ROOT has-symbols@1.1.0 OK for: get-intrinsic@1.3.0 want: ^1.1.0
125 silly placeDep ROOT math-intrinsics@1.1.0 OK for: get-intrinsic@1.3.0 want: ^1.1.0
126 silly fetch manifest dunder-proto@^1.0.1
127 silly packumentCache full:https://registry.npmjs.org/dunder-proto cache-miss
128 http fetch GET 200 https://registry.npmjs.org/dunder-proto 73ms (cache miss)
129 silly packumentCache full:https://registry.npmjs.org/dunder-proto set size:undefined disposed:false
130 silly placeDep ROOT dunder-proto@1.0.1 OK for: get-proto@1.0.1 want: ^1.0.1
131 silly placeDep ROOT mime-db@1.52.0 OK for: mime-types@2.1.35 want: 1.52.0
132 silly reify moves {}
133 silly audit bulk request {
133 silly audit   '@types/node': [ '26.1.2' ],
133 silly audit   'types-registry': [ '0.1.781' ],
133 silly audit   'undici-types': [ '8.3.0' ],
133 silly audit   '@types/node-fetch': [ '2.6.13' ],
133 silly audit   'form-data': [ '4.0.6' ],
133 silly audit   asynckit: [ '0.4.0' ],
133 silly audit   'combined-stream': [ '1.0.8' ],
133 silly audit   'es-set-tostringtag': [ '2.1.0' ],
133 silly audit   hasown: [ '2.0.4' ],
133 silly audit   'mime-types': [ '2.1.35' ],
133 silly audit   'delayed-stream': [ '1.0.0' ],
133 silly audit   'es-errors': [ '1.3.0' ],
133 silly audit   'get-intrinsic': [ '1.3.0' ],
133 silly audit   'has-tostringtag': [ '1.0.2' ],
133 silly audit   'call-bind-apply-helpers': [ '1.0.2' ],
133 silly audit   'es-define-property': [ '1.0.1' ],
133 silly audit   'es-object-atoms': [ '1.1.2' ],
133 silly audit   'function-bind': [ '1.1.2' ],
133 silly audit   'get-proto': [ '1.0.1' ],
133 silly audit   gopd: [ '1.2.0' ],
133 silly audit   'has-symbols': [ '1.1.0' ],
133 silly audit   'math-intrinsics': [ '1.1.0' ],
133 silly audit   'dunder-proto': [ '1.0.1' ],
133 silly audit   'mime-db': [ '1.52.0' ]
133 silly audit }
134 http cache dunder-proto@https://registry.npmjs.org/dunder-proto/-/dunder-proto-1.0.1.tgz 0ms (cache hit)
135 http cache math-intrinsics@https://registry.npmjs.org/math-intrinsics/-/math-intrinsics-1.1.0.tgz 1ms (cache hit)
136 http cache has-symbols@https://registry.npmjs.org/has-symbols/-/has-symbols-1.1.0.tgz 0ms (cache hit)
137 http cache mime-db@https://registry.npmjs.org/mime-db/-/mime-db-1.52.0.tgz 0ms (cache hit)
138 http cache gopd@https://registry.npmjs.org/gopd/-/gopd-1.2.0.tgz 0ms (cache hit)
139 http cache get-proto@https://registry.npmjs.org/get-proto/-/get-proto-1.0.1.tgz 0ms (cache hit)
140 http cache es-object-atoms@https://registry.npmjs.org/es-object-atoms/-/es-object-atoms-1.1.2.tgz 1ms (cache hit)
141 http cache function-bind@https://registry.npmjs.org/function-bind/-/function-bind-1.1.2.tgz 0ms (cache hit)
142 http cache call-bind-apply-helpers@https://registry.npmjs.org/call-bind-apply-helpers/-/call-bind-apply-helpers-1.0.2.tgz 1ms (cache hit)
143 http cache delayed-stream@https://registry.npmjs.org/delayed-stream/-/delayed-stream-1.0.0.tgz 0ms (cache hit)
144 http cache get-intrinsic@https://registry.npmjs.org/get-intrinsic/-/get-intrinsic-1.3.0.tgz 0ms (cache hit)
145 http cache mime-types@https://registry.npmjs.org/mime-types/-/mime-types-2.1.35.tgz 0ms (cache hit)
146 http cache hasown@https://registry.npmjs.org/hasown/-/hasown-2.0.4.tgz 0ms (cache hit)
147 http cache es-set-tostringtag@https://registry.npmjs.org/es-set-tostringtag/-/es-set-tostringtag-2.1.0.tgz 0ms (cache hit)
148 http cache asynckit@https://registry.npmjs.org/asynckit/-/asynckit-0.4.0.tgz 0ms (cache hit)
149 http cache @types/node-fetch@https://registry.npmjs.org/@types/node-fetch/-/node-fetch-2.6.13.tgz 0ms (cache hit)
150 http cache es-errors@https://registry.npmjs.org/es-errors/-/es-errors-1.3.0.tgz 0ms (cache hit)
151 http cache combined-stream@https://registry.npmjs.org/combined-stream/-/combined-stream-1.0.8.tgz 0ms (cache hit)
152 http cache form-data@https://registry.npmjs.org/form-data/-/form-data-4.0.6.tgz 0ms (cache hit)
153 silly tarball no local data for dunder-proto@https://registry.npmjs.org/dunder-proto/-/dunder-proto-1.0.1.tgz. Extracting by manifest.
154 silly tarball no local data for has-symbols@https://registry.npmjs.org/has-symbols/-/has-symbols-1.1.0.tgz. Extracting by manifest.
155 silly tarball no local data for math-intrinsics@https://registry.npmjs.org/math-intrinsics/-/math-intrinsics-1.1.0.tgz. Extracting by manifest.
156 silly tarball no local data for mime-db@https://registry.npmjs.org/mime-db/-/mime-db-1.52.0.tgz. Extracting by manifest.
157 silly tarball no local data for gopd@https://registry.npmjs.org/gopd/-/gopd-1.2.0.tgz. Extracting by manifest.
158 silly tarball no local data for get-proto@https://registry.npmjs.org/get-proto/-/get-proto-1.0.1.tgz. Extracting by manifest.
159 silly tarball no local data for es-object-atoms@https://registry.npmjs.org/es-object-atoms/-/es-object-atoms-1.1.2.tgz. Extracting by manifest.
160 silly tarball no local data for function-bind@https://registry.npmjs.org/function-bind/-/function-bind-1.1.2.tgz. Extracting by manifest.
161 silly tarball no local data for call-bind-apply-helpers@https://registry.npmjs.org/call-bind-apply-helpers/-/call-bind-apply-helpers-1.0.2.tgz. Extracting by manifest.
162 silly tarball no local data for delayed-stream@https://registry.npmjs.org/delayed-stream/-/delayed-stream-1.0.0.tgz. Extracting by manifest.
163 silly tarball no local data for hasown@https://registry.npmjs.org/hasown/-/hasown-2.0.4.tgz. Extracting by manifest.
164 silly tarball no local data for get-intrinsic@https://registry.npmjs.org/get-intrinsic/-/get-intrinsic-1.3.0.tgz. Extracting by manifest.
165 silly tarball no local data for es-set-tostringtag@https://registry.npmjs.org/es-set-tostringtag/-/es-set-tostringtag-2.1.0.tgz. Extracting by manifest.
166 silly tarball no local data for asynckit@https://registry.npmjs.org/asynckit/-/asynckit-0.4.0.tgz. Extracting by manifest.
167 silly tarball no local data for es-errors@https://registry.npmjs.org/es-errors/-/es-errors-1.3.0.tgz. Extracting by manifest.
168 silly tarball no local data for combined-stream@https://registry.npmjs.org/combined-stream/-/combined-stream-1.0.8.tgz. Extracting by manifest.
169 silly tarball no local data for @types/node-fetch@https://registry.npmjs.org/@types/node-fetch/-/node-fetch-2.6.13.tgz. Extracting by manifest.
170 silly tarball no local data for mime-types@https://registry.npmjs.org/mime-types/-/mime-types-2.1.35.tgz. Extracting by manifest.
171 http cache has-tostringtag@https://registry.npmjs.org/has-tostringtag/-/has-tostringtag-1.0.2.tgz 0ms (cache hit)
172 silly tarball no local data for form-data@https://registry.npmjs.org/form-data/-/form-data-4.0.6.tgz. Extracting by manifest.
173 http cache es-define-property@https://registry.npmjs.org/es-define-property/-/es-define-property-1.0.1.tgz 0ms (cache hit)
174 silly tarball no local data for has-tostringtag@https://registry.npmjs.org/has-tostringtag/-/has-tostringtag-1.0.2.tgz. Extracting by manifest.
175 silly tarball no local data for es-define-property@https://registry.npmjs.org/es-define-property/-/es-define-property-1.0.1.tgz. Extracting by manifest.
176 http fetch POST 200 https://registry.npmjs.org/-/npm/v1/security/advisories/bulk 327ms
177 silly audit report {}
178 http fetch GET 200 https://registry.npmjs.org/get-proto/-/get-proto-1.0.1.tgz 515ms (cache miss)
179 http fetch GET 200 https://registry.npmjs.org/mime-types/-/mime-types-2.1.35.tgz 573ms (cache miss)
180 http fetch GET 200 https://registry.npmjs.org/combined-stream/-/combined-stream-1.0.8.tgz 576ms (cache miss)
181 http fetch GET 200 https://registry.npmjs.org/gopd/-/gopd-1.2.0.tgz 585ms (cache miss)
182 http fetch GET 200 https://registry.npmjs.org/es-define-property/-/es-define-property-1.0.1.tgz 537ms (cache miss)
183 http fetch GET 200 https://registry.npmjs.org/@types/node-fetch/-/node-fetch-2.6.13.tgz 582ms (cache miss)
184 http fetch GET 200 https://registry.npmjs.org/mime-db/-/mime-db-1.52.0.tgz 618ms (cache miss)
185 http fetch GET 200 https://registry.npmjs.org/es-errors/-/es-errors-1.3.0.tgz 610ms (cache miss)
186 http fetch GET 200 https://registry.npmjs.org/hasown/-/hasown-2.0.4.tgz 615ms (cache miss)
187 http fetch GET 200 https://registry.npmjs.org/has-symbols/-/has-symbols-1.1.0.tgz 622ms (cache miss)
188 http fetch GET 200 https://registry.npmjs.org/delayed-stream/-/delayed-stream-1.0.0.tgz 618ms (cache miss)
189 http fetch GET 200 https://registry.npmjs.org/dunder-proto/-/dunder-proto-1.0.1.tgz 627ms (cache miss)
190 http fetch GET 200 https://registry.npmjs.org/form-data/-/form-data-4.0.6.tgz 613ms (cache miss)
191 http fetch GET 200 https://registry.npmjs.org/es-object-atoms/-/es-object-atoms-1.1.2.tgz 634ms (cache miss)
192 http fetch GET 200 https://registry.npmjs.org/es-set-tostringtag/-/es-set-tostringtag-2.1.0.tgz 633ms (cache miss)
193 http fetch GET 200 https://registry.npmjs.org/has-tostringtag/-/has-tostringtag-1.0.2.tgz 593ms (cache miss)
194 http fetch GET 200 https://registry.npmjs.org/call-bind-apply-helpers/-/call-bind-apply-helpers-1.0.2.tgz 652ms (cache miss)
195 http fetch GET 200 https://registry.npmjs.org/math-intrinsics/-/math-intrinsics-1.1.0.tgz 685ms (cache miss)
196 http fetch GET 200 https://registry.npmjs.org/function-bind/-/function-bind-1.1.2.tgz 681ms (cache miss)
197 http fetch GET 200 https://registry.npmjs.org/get-intrinsic/-/get-intrinsic-1.3.0.tgz 686ms (cache miss)
198 http fetch GET 200 https://registry.npmjs.org/asynckit/-/asynckit-0.4.0.tgz 688ms (cache miss)
199 silly ADD node_modules/mime-db
200 silly ADD node_modules/dunder-proto
201 silly ADD node_modules/math-intrinsics
202 silly ADD node_modules/has-symbols
203 silly ADD node_modules/gopd
204 silly ADD node_modules/get-proto
205 silly ADD node_modules/function-bind
206 silly ADD node_modules/es-object-atoms
207 silly ADD node_modules/es-define-property
208 silly ADD node_modules/call-bind-apply-helpers
209 silly ADD node_modules/has-tostringtag
210 silly ADD node_modules/get-intrinsic
211 silly ADD node_modules/es-errors
212 silly ADD node_modules/delayed-stream
213 silly ADD node_modules/mime-types
214 silly ADD node_modules/hasown
215 silly ADD node_modules/es-set-tostringtag
216 silly ADD node_modules/combined-stream
217 silly ADD node_modules/asynckit
218 silly ADD node_modules/form-data
219 silly ADD node_modules/@types/node-fetch
220 verbose cwd /public/.cache/typescript/7.0
221 verbose os Linux 4.19.157-perf+
222 verbose node v22.23.0
223 verbose npm  v10.9.1
224 verbose exit 0
225 info ok
