0 verbose cli /usr/bin/node /usr/bin/npm
1 info using npm@10.9.1
2 info using node@v22.23.0
3 silly config load:file:/usr/lib/node_modules/npm/npmrc
4 silly config load:file:/public/.cache/typescript/7.0/.npmrc
5 silly config load:file:/public/.npmrc
6 silly config load:file:/etc/npmrc
7 verbose title npm install types-registry@latest
8 verbose argv "install" "--ignore-scripts" "types-registry@latest"
9 verbose logfile logs-max:10 dir:/public/.npm/_logs/2026-08-07T15_40_45_351Z-
10 verbose logfile /public/.npm/_logs/2026-08-07T15_40_45_351Z-debug-0.log
11 silly logfile start cleaning logs, removing 1 files
12 silly packumentCache heap:2197815296 maxSize:549453824 maxEntrySize:274726912
13 silly logfile done cleaning log files
14 silly packumentCache corgi:https://registry.npmjs.org/types-registry cache-miss
15 http fetch GET 200 https://registry.npmjs.org/types-registry 396ms (cache revalidated)
16 silly packumentCache corgi:https://registry.npmjs.org/types-registry set size:630928 disposed:false
17 silly idealTree buildDeps
18 silly fetch manifest types-registry@0.1.781
19 silly packumentCache full:https://registry.npmjs.org/types-registry cache-miss
20 http fetch GET 200 https://registry.npmjs.org/types-registry 102ms (cache revalidated)
21 silly packumentCache full:https://registry.npmjs.org/types-registry set size:1372739 disposed:false
22 silly placeDep ROOT types-registry@0.1.781 REPLACE for:  want: 0.1.781
23 silly reify moves {}
24 silly audit bulk request {
24 silly audit   '@types/node': [ '26.1.2' ],
24 silly audit   '@types/node-fetch': [ '2.6.13' ],
24 silly audit   asynckit: [ '0.4.0' ],
24 silly audit   'call-bind-apply-helpers': [ '1.0.2' ],
24 silly audit   'combined-stream': [ '1.0.8' ],
24 silly audit   'delayed-stream': [ '1.0.0' ],
24 silly audit   'dunder-proto': [ '1.0.1' ],
24 silly audit   'es-define-property': [ '1.0.1' ],
24 silly audit   'es-errors': [ '1.3.0' ],
24 silly audit   'es-object-atoms': [ '1.1.2' ],
24 silly audit   'es-set-tostringtag': [ '2.1.0' ],
24 silly audit   'form-data': [ '4.0.6' ],
24 silly audit   'function-bind': [ '1.1.2' ],
24 silly audit   'get-intrinsic': [ '1.3.0' ],
24 silly audit   'get-proto': [ '1.0.1' ],
24 silly audit   gopd: [ '1.2.0' ],
24 silly audit   'has-symbols': [ '1.1.0' ],
24 silly audit   'has-tostringtag': [ '1.0.2' ],
24 silly audit   hasown: [ '2.0.4' ],
24 silly audit   'math-intrinsics': [ '1.1.0' ],
24 silly audit   'mime-db': [ '1.52.0' ],
24 silly audit   'mime-types': [ '2.1.35' ],
24 silly audit   'undici-types': [ '8.3.0' ],
24 silly audit   'types-registry': [ '0.1.781' ]
24 silly audit }
25 http fetch POST 200 https://registry.npmjs.org/-/npm/v1/security/advisories/bulk 225ms
26 silly audit report {}
27 verbose cwd /public/.cache/typescript/7.0
28 verbose os Linux 4.19.157-perf+
29 verbose node v22.23.0
30 verbose npm  v10.9.1
31 verbose exit 0
32 info ok
